-------------------------------------------------------------------------------
      name:  <unnamed>
       log:  C:\Users\ASUS\Desktop\稳健DID案例\稳健DID案例.log
  log type:  text
 opened on:  15 Aug 2026, 18:05:59

. 
. *---------------------------------------------------------------
. * 自动检查并安装所需命令（首次联网安装一次即可）
. *---------------------------------------------------------------
. capture which csdid

. if _rc ssc install csdid, replace

. capture which drdid

. if _rc ssc install drdid, replace

. capture which bacondecomp

. if _rc ssc install bacondecomp, replace

. capture which eventstudyinteract

. if _rc ssc install eventstudyinteract, replace

. capture which did_imputation

. if _rc ssc install did_imputation, replace

. capture which honestdid

. if _rc ssc install honestdid, replace
checking honestdid consistency and verifying not already installed...
installing into C:\Users\ASUS\ado\plus\...
installation complete.

. capture which reghdfe

. if _rc ssc install reghdfe, replace

. capture which avar

. if _rc ssc install avar, replace

. capture which coefplot

. if _rc ssc install coefplot, replace

. 
. *---------------------------------------------------------------
. * 1. 模拟面板数据（同 Day 7/8 结构）：真实平均ATT ≈ 0.30
. *---------------------------------------------------------------
. set seed 20260822

. set obs 1500
Number of observations (_N) was 0, now 1,500.

. gen id = _n

. gen E = 0

. replace E = 2015 if id <= 400
(400 real changes made)

. replace E = 2018 if id > 400 & id <= 800
(400 real changes made)

. gen alpha = rnormal(0, 0.3)

. 
. expand 11
(15,000 observations created)

. bysort id: gen year = 2009 + _n

. gen did  = (E > 0) & (year >= E)

. gen exp  = (year - E + 1) * did

. gen y = 3 + alpha + 0.05*(year-2010) + 0.10*exp + rnormal(0, 0.25)

. xtset id year

Panel variable: id (strongly balanced)
 Time variable: year, 2010 to 2020
         Delta: 1 unit

. save "稳健DID案例数据.dta", replace
(file 稳健DID案例数据.dta not found)
file 稳健DID案例数据.dta saved

. 
. quietly sum exp if did == 1, meanonly

. display as result ">>> 真实平均ATT = " %5.3f 0.10*r(mean)
>>> 真实平均ATT = 0.300

. 
. *===============================================================
. * 2. 第一步·诊断：TWFE基准 + Bacon分解（坏比较权重）
. *===============================================================
. reghdfe y did, absorb(id year) vce(cluster id)
(MWFE estimator converged in 2 iterations)

HDFE Linear regression                            Number of obs   =     16,500
Absorbing 2 HDFE groups                           F(   1,   1499) =     830.32
Statistics robust to heteroskedasticity           Prob > F        =     0.0000
                                                  R-squared       =     0.7303
                                                  Adj R-squared   =     0.7032
                                                  Within R-sq.    =     0.0562
Number of clusters (id)      =      1,500         Root MSE        =     0.2566

                                 (Std. err. adjusted for 1,500 clusters in id)
------------------------------------------------------------------------------
             |               Robust
           y | Coefficient  std. err.      t    P>|t|     [95% conf. interval]
-------------+----------------------------------------------------------------
         did |   .2262519   .0078518    28.82   0.000     .2108502    .2416536
       _cons |   3.263701   .0017131  1905.12   0.000      3.26034    3.267061
------------------------------------------------------------------------------

Absorbed degrees of freedom:
-----------------------------------------------------+
 Absorbed FE | Categories  - Redundant  = Num. Coefs |
-------------+---------------------------------------|
          id |      1500        1500           0    *|
        year |        11           1          10     |
-----------------------------------------------------+
* = FE nested within cluster; treated as redundant for DoF computation

. bacondecomp y did, ddetail
Computing decomposition across 3 timing groups
including a never-treated group
------------------------------------------------------------------------------
           y | Coefficient  Std. err.      z    P>|z|     [95% conf. interval]
-------------+----------------------------------------------------------------
         did |   .2262519   .0075709    29.88   0.000     .2114133    .2410905
------------------------------------------------------------------------------

Bacon Decomposition

+---------------------------------------------------+
|                      |         Beta   TotalWeight |
|----------------------+----------------------------|
|         Early_v_Late |  .1910697073   .1265822822 |
|         Late_v_Early | -.1054474339   .0759493653 |
|       Never_v_timing |  .2634267994   .7974683525 |
+---------------------------------------------------+

. display as result ">>> 若坏比较(Later vs Earlier)权重高，TWFE不可作主结果"
>>> 若坏比较(Later vs Earlier)权重高，TWFE不可作主结果

. 
. *===============================================================
. * 3. 第二步·主估计：Callaway-Sant'Anna
. *===============================================================
. csdid y, ivar(id) time(year) gvar(E)
....................
Difference-in-difference with Multiple Time Periods

                                                        Number of obs = 16,500
Outcome model  : regression adjustment
Treatment model: none
------------------------------------------------------------------------------
             | Coefficient  Std. err.      z    P>|z|     [95% conf. interval]
-------------+----------------------------------------------------------------
g2015        |
 t_2010_2011 |   .0033215   .0213082     0.16   0.876    -.0384418    .0450848
 t_2011_2012 |  -.0088594   .0212307    -0.42   0.676    -.0504708    .0327519
 t_2012_2013 |   .0211306   .0230513     0.92   0.359    -.0240491    .0663104
 t_2013_2014 |  -.0355106   .0227067    -1.56   0.118     -.080015    .0089937
 t_2014_2015 |   .1289055   .0228868     5.63   0.000     .0840482    .1737629
 t_2014_2016 |   .2060766   .0225743     9.13   0.000     .1618318    .2503213
 t_2014_2017 |   .3078386   .0217236    14.17   0.000     .2652611     .350416
 t_2014_2018 |   .3995502   .0228518    17.48   0.000     .3547615    .4443388
 t_2014_2019 |   .4747251   .0224235    21.17   0.000     .4307758    .5186745
 t_2014_2020 |   .6006187    .022062    27.22   0.000      .557378    .6438593
-------------+----------------------------------------------------------------
g2018        |
 t_2010_2011 |   .0135237   .0217654     0.62   0.534    -.0291357    .0561832
 t_2011_2012 |  -.0081868   .0212528    -0.39   0.700    -.0498415    .0334679
 t_2012_2013 |   .0004068   .0222916     0.02   0.985     -.043284    .0440975
 t_2013_2014 |   .0102909   .0218688     0.47   0.638    -.0325712     .053153
 t_2014_2015 |   .0047952   .0223669     0.21   0.830    -.0390431    .0486335
 t_2015_2016 |  -.0245437   .0218863    -1.12   0.262      -.06744    .0183526
 t_2016_2017 |   .0247641    .021793     1.14   0.256    -.0179493    .0674776
 t_2017_2018 |   .0646304   .0221173     2.92   0.003     .0212813    .1079796
 t_2017_2019 |    .174319   .0219542     7.94   0.000     .1312895    .2173485
 t_2017_2020 |    .251797   .0222728    11.31   0.000     .2081431    .2954508
------------------------------------------------------------------------------
Control: Never Treated

See Callaway and Sant'Anna (2021) for details

. estat simple
Average Treatment Effect on Treated
------------------------------------------------------------------------------
             | Coefficient  Std. err.      z    P>|z|     [95% conf. interval]
-------------+----------------------------------------------------------------
         ATT |    .289829   .0132767    21.83   0.000     .2638072    .3158509
------------------------------------------------------------------------------

. estat event, window(-4 4)
ATT by Periods Before and After treatment
Event Study:Dynamic effects
------------------------------------------------------------------------------
             | Coefficient  Std. err.      z    P>|z|     [95% conf. interval]
-------------+----------------------------------------------------------------
     Pre_avg |  -.0005764   .0039537    -0.15   0.884    -.0083255    .0071726
    Post_avg |   .2882118   .0136114    21.17   0.000      .261534    .3148895
         Tm4 |   .0068062   .0152385     0.45   0.655    -.0230608    .0366732
         Tm3 |  -.0020321   .0155477    -0.13   0.896    -.0325051    .0284409
         Tm2 |  -.0017065   .0159193    -0.11   0.915    -.0329078    .0294948
         Tm1 |  -.0053732   .0158595    -0.34   0.735    -.0364573    .0257108
         Tp0 |    .096768   .0158837     6.09   0.000     .0656365    .1278994
         Tp1 |   .1901978   .0156945    12.12   0.000      .159437    .2209585
         Tp2 |   .2798178   .0140585    19.90   0.000     .2522635     .307372
         Tp3 |   .3995502   .0228518    17.48   0.000     .3547615    .4443388
         Tp4 |   .4747251   .0224235    21.17   0.000     .4307758    .5186745
------------------------------------------------------------------------------

. estimates store cs_es

. 
. *===============================================================
. * 4. 第三步·稳健对照：Sun-Abraham + Borusyak插补
. *===============================================================
. gen rel = year - E if E > 0
(7,700 missing values generated)

. replace rel = -5 if rel < -5 & E > 0
(1,200 real changes made)

. replace rel = 4  if rel > 4  & E > 0
(400 real changes made)

. forvalues s = -5/4 {
  2.     local name = cond(`s' < 0, "m" + string(-`s'), "p" + string(`s'))
  3.     gen D_`name' = (rel == `s')
  4. }

. gen never = (E == 0)

. eventstudyinteract y D_m4-D_m2 D_p0-D_p4, ///
>     vce(cluster id) absorb(id year) cohort(E) control_cohort(never)
(obs=8,800)

IW estimates for dynamic effects                        Number of obs = 16,500
Absorbing 2 HDFE groups                                 F(14, 1499)   = 148.12
                                                        Prob > F      = 0.0000
                                                        R-squared     = 0.7471
                                                        Adj R-squared = 0.7214
                                                        Root MSE      = 0.2486
                                 (Std. err. adjusted for 1,500 clusters in id)
------------------------------------------------------------------------------
             |               Robust
           y | Coefficient  std. err.      t    P>|t|     [95% conf. interval]
-------------+----------------------------------------------------------------
        D_m4 |   .0106533   .0109669     0.97   0.332    -.0108589    .0321655
        D_m3 |   .0078791   .0121881     0.65   0.518    -.0160284    .0317867
        D_m2 |   .0060986   .0122799     0.50   0.620    -.0179889    .0301862
        D_p0 |   .0970397   .0129821     7.47   0.000     .0715747    .1225048
        D_p1 |   .2019144    .012655    15.96   0.000     .1770911    .2267378
        D_p2 |   .2663153   .0118138    22.54   0.000      .243142    .2894886
        D_p3 |   .3872822   .0193238    20.04   0.000     .3493777    .4251866
        D_p4 |   .5254039   .0149796    35.07   0.000     .4960207     .554787
------------------------------------------------------------------------------

. 
. gen Ei = E if E > 0
(7,700 missing values generated)

. did_imputation y id year Ei, horizons(0/4) pretrend(4)

                                                        Number of obs = 16,100
------------------------------------------------------------------------------
           y | Coefficient  Std. err.      z    P>|z|     [95% conf. interval]
-------------+----------------------------------------------------------------
        tau0 |   .0907536   .0118218     7.68   0.000     .0675832    .1139239
        tau1 |   .1886459   .0114728    16.44   0.000     .1661596    .2111323
        tau2 |   .2737632   .0113381    24.15   0.000      .251541    .2959855
        tau3 |    .380314   .0168275    22.60   0.000     .3473328    .4132953
        tau4 |   .4554892   .0169065    26.94   0.000     .4223531    .4886252
        pre1 |  -.0010625   .0139746    -0.08   0.939    -.0284523    .0263273
        pre2 |   .0064796   .0128794     0.50   0.615    -.0187636    .0317228
        pre3 |   .0066485   .0128311     0.52   0.604       -.0185     .031797
        pre4 |   .0101101   .0123515     0.82   0.413    -.0140984    .0343185
------------------------------------------------------------------------------

. 
. *===============================================================
. * 5. 第四步·平行趋势敏感性分析（Rambachan-Roth honestdid）
. *    接在 csdid 事件研究之后：pre/post 填系数位置
. *    （e(b) 中第1-2行为 Pre_avg/Post_avg，故前置期为 3/6，
. *      后置期为 7/11）
. *===============================================================
. quietly csdid y, ivar(id) time(year) gvar(E)

. estat event, window(-4 4)
ATT by Periods Before and After treatment
Event Study:Dynamic effects
------------------------------------------------------------------------------
             | Coefficient  Std. err.      z    P>|z|     [95% conf. interval]
-------------+----------------------------------------------------------------
     Pre_avg |  -.0005764   .0039537    -0.15   0.884    -.0083255    .0071726
    Post_avg |   .2882118   .0136114    21.17   0.000      .261534    .3148895
         Tm4 |   .0068062   .0152385     0.45   0.655    -.0230608    .0366732
         Tm3 |  -.0020321   .0155477    -0.13   0.896    -.0325051    .0284409
         Tm2 |  -.0017065   .0159193    -0.11   0.915    -.0329078    .0294948
         Tm1 |  -.0053732   .0158595    -0.34   0.735    -.0364573    .0257108
         Tp0 |    .096768   .0158837     6.09   0.000     .0656365    .1278994
         Tp1 |   .1901978   .0156945    12.12   0.000      .159437    .2209585
         Tp2 |   .2798178   .0140585    19.90   0.000     .2522635     .307372
         Tp3 |   .3995502   .0228518    17.48   0.000     .3547615    .4443388
         Tp4 |   .4747251   .0224235    21.17   0.000     .4307758    .5186745
------------------------------------------------------------------------------

. honestdid, pre(3/6) post(7/11) mvec(0(0.5)1) coefplot
Warning: M = 0 with Delta^RM imposes exact parallel trends in the
post-treatment period, even if pre-treatment parallel trends is violated

|    M    |   lb   |   ub   |
| ------- | ------ | ------ |
|       . |  0.265 |  0.350 | (Original)
|  0.0000 |  0.266 |  0.350 | 
|  0.5000 |  0.175 |  0.459 | 
|  1.0000 |  0.066 |  0.578 | 
(method = C-LF, Delta = DeltaRM, alpha = 0.050)

. graph export "稳健DID_平行趋势敏感性.png", replace width(2000)
(file 稳健DID_平行趋势敏感性.png not found)
file 稳健DID_平行趋势敏感性.png saved as PNG format

. * 解读：Mbar=0 对应"平行趋势完全成立"的置信区间；
. * 随 Mbar（允许的趋势偏差）增大，置信带变宽，
. * 结论失效的临界 Mbar 越大，结论越稳健
. 
. *===============================================================
. log close
      name:  <unnamed>
       log:  C:\Users\ASUS\Desktop\稳健DID案例\稳健DID案例.log
  log type:  text
 closed on:  15 Aug 2026, 18:08:19
-------------------------------------------------------------------------------
