-------------------------------------------------------------------------------
      name:  <unnamed>
       log:  C:\Users\ASUS\Desktop\SCM案例\SCM案例.log
  log type:  text
 opened on:  15 Aug 2026, 17:30:32

. 
. *---------------------------------------------------------------
. * 自动检查并安装所需命令（首次联网安装一次即可）
. *---------------------------------------------------------------
. capture which synth

. if _rc ssc install synth, replace

. 
. *---------------------------------------------------------------
. * 1. 模拟面板数据：31省 × 23年（2000-2022），2016年为政策年
. *    【换用真实数据时，替换这一段即可，后面代码不用动】
. *---------------------------------------------------------------
. set seed 20260817

. set obs 31
Number of observations (_N) was 0, now 31.

. gen id     = _n

. gen lambda = 0.5 + runiform()          // 因子载荷：省份对共同趋势的敏感度

. gen x      = rnormal(0, 1)             // 省份特征（不随时间变化）：产业结构
> 指数

. gen mu     = rnormal(0, 0.08)          // 省份固定截距

. 
. expand 23
(682 observations created)

. bysort id: gen year = 1999 + _n

. xtset id year

Panel variable: id (strongly balanced)
 Time variable: year, 2000 to 2022
         Delta: 1 unit

. 
. gen f   = 0.15*sin((year-2000)/3.5)      // 共同时间趋势（周期波动，无长期漂
> 移）

. gen post    = (year >= 2016)

. gen treated = (id == 1)              // 处理单元：省份1

. 
. * 结果方程：碳排放强度；真实政策效应 = -0.08（试点后下降）
. gen y = 2 + lambda*f + 0.1*x + mu - 0.08*post*treated + rnormal(0, 0.015)

. *                                       ↑真实效应
. 
. label var y "碳排放强度"

. save "SCM案例数据.dta", replace
file SCM案例数据.dta saved

. 
. *===============================================================
. * 2. 基准合成控制：构造"合成省份1"
. *===============================================================
. synth y x y(2005) y(2010) y(2015), ///
>     trunit(1) trperiod(2016) fig keep("synth_main.dta") replace
-------------------------------------------------------------------------------
Synthetic Control Method for Comparative Case Studies
-------------------------------------------------------------------------------

First Step: Data Setup
-------------------------------------------------------------------------------
-------------------------------------------------------------------------------
Data Setup successful
-------------------------------------------------------------------------------
                Treated Unit: 1
               Control Units:  2 3 4 5 6 7 8 9 10 11 12 13 14 15 16 17 18 19 20
                              21 22 23 24 25 26 27 28 29 30 31
-------------------------------------------------------------------------------
          Dependent Variable: y
  MSPE minimized for periods: 2000 2001 2002 2003 2004 2005 2006 2007 2008 2009
                              2010 2011 2012 2013 2014 2015
Results obtained for periods: 2000 2001 2002 2003 2004 2005 2006 2007 2008 2009
                              2010 2011 2012 2013 2014 2015 2016 2017 2018 2019
                              2020 2021 2022
-------------------------------------------------------------------------------
                  Predictors: x y(2005) y(2010) y(2015)
-------------------------------------------------------------------------------
Unless period is specified
predictors are averaged over: 2000 2001 2002 2003 2004 2005 2006 2007 2008 2009
                              2010 2011 2012 2013 2014 2015
-------------------------------------------------------------------------------

Second Step: Run Optimization
-------------------------------------------------------------------------------
-------------------------------------------------------------------------------
Optimization done
-------------------------------------------------------------------------------

Third Step: Obtain Results
-------------------------------------------------------------------------------
Loss: Root Mean Squared Prediction Error

--------------------
   RMSPE |  .0223349 
--------------------
-------------------------------------------------------------------------------
Unit Weights:

-----------------------
    Co_No | Unit_Weight
----------+------------
        2 |           0
        3 |           0
        4 |           0
        5 |           0
        6 |        .386
        7 |           0
        8 |           0
        9 |           0
       10 |           0
       11 |           0
       12 |           0
       13 |           0
       14 |           0
       15 |           0
       16 |           0
       17 |           0
       18 |           0
       19 |           0
       20 |           0
       21 |           0
       22 |           0
       23 |           0
       24 |           0
       25 |           0
       26 |           0
       27 |        .141
       28 |        .473
       29 |           0
       30 |           0
       31 |           0
-----------------------
-------------------------------------------------------------------------------
Predictor Balance:

-----------------------------------------------------
                               |   Treated  Synthetic 
-------------------------------+---------------------
                             x |  .7804965   .4886003 
                       y(2005) |  2.234362   2.232211 
                       y(2010) |   2.07575    2.08251 
                       y(2015) |   1.79457   1.796017 
-----------------------------------------------------
-------------------------------------------------------------------------------

. * 输出：合成权重表 + 政策前 RMSPE + 路径对比图
. graph export "SCM_路径对比图.png", replace width(2000)
file SCM_路径对比图.png saved as PNG format

. 
. * 政策后逐年处理效应 = 处理单元 - 合成对照
. * 注意：keep 文件尾部有 31 行权重记录（_time 缺失），须先剔除
. use "synth_main.dta", clear

. keep if !missing(_time)
(7 observations deleted)

. rename _time year

. gen effect = _Y_treated - _Y_synthetic

. list year effect if year >= 2014, noobs

  +------------------+
  | year      effect |
  |------------------|
  | 2014   -.0102287 |
  | 2015   -.0014471 |
  | 2016   -.1139178 |
  | 2017   -.0998803 |
  | 2018   -.0797457 |
  |------------------|
  | 2019   -.0927551 |
  | 2020   -.1107558 |
  | 2021   -.0755543 |
  | 2022   -.0659494 |
  +------------------+

. twoway line effect year, xline(2015.5, lpattern(dash)) ///
>     yline(0, lcolor(gs10)) yline(-0.08, lcolor(red) lpattern(dash)) ///
>     xtitle("年份") ytitle("处理效应（实际-合成）") ///
>     title("政策后处理效应路径（红线为真实效应 -0.08）")

. graph export "SCM_处理效应路径.png", replace width(2000)
file SCM_处理效应路径.png saved as PNG format

. 
. *===============================================================
. * 3. In-space 安慰剂检验（置换检验）
. *    把每个省份依次"假装"为处理单元，比较政策后/前 RMSPE 比值：
. *    若省份1的比值在 31 个单元中最大，p 值 = 名次/31
. *===============================================================
. use "SCM案例数据.dta", clear

. matrix PL = J(31, 3, .)                 // 存：单元编号、政策前RMSPE、政策后R
> MSPE

. forvalues i = 1/31 {
  2.     quietly use "SCM案例数据.dta", clear
  3.     if `i' != 1 quietly drop if id == 1    // 关键：供体池须剔除真处理单元
  4.     quietly synth y x y(2005) y(2010) y(2015), ///
>         trunit(`i') trperiod(2016) keep("synth_plc.dta") replace
  5.     quietly {
  6.         use "synth_plc.dta", clear
  7.         keep if !missing(_time)            // keep 文件尾部含权重行，须剔
> 除
  8.         gen diff2 = (_Y_treated - _Y_synthetic)^2
  9.         sum diff2 if _time < 2016, meanonly
 10.         local pre = sqrt(r(mean))
 11.         sum diff2 if _time >= 2016, meanonly
 12.         local post = sqrt(r(mean))
 13.         * 同时保存每个单元的效应路径，供安慰剂图使用
.         gen eff = _Y_treated - _Y_synthetic
 14.         keep _time eff
 15.         rename _time year
 16.         rename eff eff_`i'
 17.         save "eff_`i'.dta", replace
 18.     }
 19.     matrix PL[`i',1] = `i'
 20.     matrix PL[`i',2] = `pre'
 21.     matrix PL[`i',3] = `post'
 22. }

. 
. * 政策后/政策前 RMSPE 比值排名（安慰剂检验的 p 值）
. * 按 Abadie 等惯例：剔除政策前拟合过差（>2倍处理单元）的安慰剂
. clear

. svmat PL
number of observations will be reset to 31
Press any key to continue, or Break to abort
Number of observations (_N) was 0, now 31.

. rename PL1 unit

. rename PL2 pre_rmspe

. rename PL3 post_rmspe

. gen ratio = post_rmspe / pre_rmspe

. quietly sum pre_rmspe if unit == 1, meanonly

. local pre1 = r(mean)

. keep if pre_rmspe <= 2*`pre1'
(3 observations deleted)

. gsort -ratio

. gen rank = _n

. quietly count

. local n_kept = r(N)

. list unit pre_rmspe post_rmspe ratio rank if unit == 1 | rank <= 3, noobs

  +----------------------------------------------+
  | unit   pre_rm~e   post_r~e      ratio   rank |
  |----------------------------------------------|
  |    1   .0223331   .0927676   4.153813      1 |
  |   22   .0147611   .0302942   2.052294      2 |
  |   17   .0191686   .0383488    2.00061      3 |
  +----------------------------------------------+

. quietly sum rank if unit == 1, meanonly

. display as result ">>> 安慰剂检验 p 值 = " r(mean) "/" `n_kept' " ≈ " %5.3f r
> (mean)/`n_kept'
>>> 安慰剂检验 p 值 = 1/28 ≈ 0.036

. 
. * 安慰剂路径图：灰线为 30 个假处理效应，黑线为真实处理效应
. use "eff_1.dta", clear

. forvalues i = 2/31 {
  2.     quietly merge 1:1 year using "eff_`i'.dta", nogen
  3. }

. twoway (line eff_2-eff_31 year, lcolor(gs12%50) lwidth(vthin)) ///
>        (line eff_1 year, lcolor(black) lwidth(medthick)), ///
>     xline(2015.5, lpattern(dash)) yline(0, lcolor(gs10)) ///
>     legend(order(31 "真实处理（省份1）" 1 "安慰剂（30省）")) ///
>     xtitle("年份") ytitle("效应（实际-合成）") ///
>     title("In-space 安慰剂检验：真实效应应最极端")

. graph export "SCM_安慰剂检验图.png", replace width(2000)
file SCM_安慰剂检验图.png saved as PNG format

. forvalues i = 1/31 {
  2.     erase "eff_`i'.dta"
  3. }

. erase "synth_plc.dta"

. 
. *===============================================================
. * 4. In-time 安慰剂检验：虚构政策提前到 2012 年（应无效应）
. *===============================================================
. use "SCM案例数据.dta", clear

. synth y x y(2005) y(2008) y(2011), ///
>     trunit(1) trperiod(2012) fig keep("synth_intime.dta") replace
-------------------------------------------------------------------------------
Synthetic Control Method for Comparative Case Studies
-------------------------------------------------------------------------------

First Step: Data Setup
-------------------------------------------------------------------------------
-------------------------------------------------------------------------------
Data Setup successful
-------------------------------------------------------------------------------
                Treated Unit: 1
               Control Units:  2 3 4 5 6 7 8 9 10 11 12 13 14 15 16 17 18 19 20
                              21 22 23 24 25 26 27 28 29 30 31
-------------------------------------------------------------------------------
          Dependent Variable: y
  MSPE minimized for periods: 2000 2001 2002 2003 2004 2005 2006 2007 2008 2009
                              2010 2011
Results obtained for periods: 2000 2001 2002 2003 2004 2005 2006 2007 2008 2009
                              2010 2011 2012 2013 2014 2015 2016 2017 2018 2019
                              2020 2021 2022
-------------------------------------------------------------------------------
                  Predictors: x y(2005) y(2008) y(2011)
-------------------------------------------------------------------------------
Unless period is specified
predictors are averaged over: 2000 2001 2002 2003 2004 2005 2006 2007 2008 2009
                              2010 2011
-------------------------------------------------------------------------------

Second Step: Run Optimization
-------------------------------------------------------------------------------
-------------------------------------------------------------------------------
Optimization done
-------------------------------------------------------------------------------

Third Step: Obtain Results
-------------------------------------------------------------------------------
Loss: Root Mean Squared Prediction Error

--------------------
   RMSPE |  .0197282 
--------------------
-------------------------------------------------------------------------------
Unit Weights:

-----------------------
    Co_No | Unit_Weight
----------+------------
        2 |           0
        3 |           0
        4 |           0
        5 |        .227
        6 |           0
        7 |           0
        8 |           0
        9 |           0
       10 |           0
       11 |           0
       12 |           0
       13 |           0
       14 |           0
       15 |        .249
       16 |           0
       17 |           0
       18 |           0
       19 |           0
       20 |           0
       21 |           0
       22 |           0
       23 |           0
       24 |           0
       25 |           0
       26 |           0
       27 |         .08
       28 |        .443
       29 |           0
       30 |           0
       31 |           0
-----------------------
-------------------------------------------------------------------------------
Predictor Balance:

-----------------------------------------------------
                               |   Treated  Synthetic 
-------------------------------+---------------------
                             x |  .7804965   .6454376 
                       y(2005) |  2.234362   2.231734 
                       y(2008) |  2.162195    2.16025 
                       y(2011) |  2.015208   2.013678 
-----------------------------------------------------
-------------------------------------------------------------------------------

. graph export "SCM_intime检验图.png", replace width(2000)
file SCM_intime检验图.png saved as PNG format

. * 虚构时点前后路径应始终重合，无系统分岔
. 
. *===============================================================
. log close
      name:  <unnamed>
       log:  C:\Users\ASUS\Desktop\SCM案例\SCM案例.log
  log type:  text
 closed on:  15 Aug 2026, 17:30:41
-------------------------------------------------------------------------------
