-------------------------------------------------------------------------------------
      name:  <unnamed>
       log:  C:\Users\ASUS\Desktop\DID案例\DID案例.log
  log type:  text
 opened on:  12 Aug 2026, 20:01:09

. 
. *---------------------------------------------------------------
. * 安装命令（第一次时，可以把这5行注释*删除）
. *---------------------------------------------------------------
. *ssc install reghdfe, replace
. *ssc install ftools, replace
. *ssc install coefplot, replace
. *ssc install diff, replace
. *ssc install estout, replace
. 
. *---------------------------------------------------------------
. * 1. 模拟面板数据：1000人 × 10年，2015年政策，真实效应=3
. *    【换用真实数据时，替换这一段即可，后面代码不用动】
. *---------------------------------------------------------------
. *---------------------------------------------------------------
. * 1. 模拟面板数据：1000人 × 10年，2015年政策，真实效应=0.4
. *    说明：真实效应设为0.4（约为标准误的4倍），
. *    真实系数会落在安慰剂分布右尾边缘，可视化最清晰
. *---------------------------------------------------------------
. set seed 20240101

. set obs 1000
Number of observations (_N) was 0, now 1,000.

. gen id    = _n

. gen treat = runiform() < 0.3

. gen u_i   = rnormal(0, 1) + 1.5*treat

. 
. expand 10
(9,000 observations created)

. bysort id: gen year = 2009 + _n

. 
. gen post = year >= 2015

. gen did  = treat * post

. gen x1   = rnormal(0, 1)

. gen x2   = rnormal(5, 2)

. gen y    = u_i + 0.2*(year-2010) + 0.4*did + 0.5*x1 + 0.1*x2 + rnormal(0, 1.3)

. *                                        ↑真实效应          ↑噪声从1加大到1.3
. 
. xtset id year

Panel variable: id (strongly balanced)
 Time variable: year, 2010 to 2019
         Delta: 1 unit

. save "DID案例数据.dta", replace      // 存档，后面随时调用
file DID案例数据.dta saved

. 
. *===============================================================
. * 2. 平行趋势检验（事件研究法，基期=政策前一年）
. *===============================================================
. gen evt = year - 2015

. forvalues k = 5(-1)2 {
  2.     gen pre_`k'  = (evt == -`k') & treat
  3. }

. forvalues k = 0/4 {
  2.     gen post_`k' = (evt == `k') & treat
  3. }

. 
. reghdfe y pre_5 pre_4 pre_3 pre_2 post_0 post_1 post_2 post_3 post_4 x1 x2, ///
>     absorb(id year) vce(cluster id)
(MWFE estimator converged in 2 iterations)

HDFE Linear regression                            Number of obs   =     10,000
Absorbing 2 HDFE groups                           F(  11,    999) =     142.25
Statistics robust to heteroskedasticity           Prob > F        =     0.0000
                                                  R-squared       =     0.6189
                                                  Adj R-squared   =     0.5757
                                                  Within R-sq.    =     0.1421
Number of clusters (id)      =      1,000         Root MSE        =     1.3024

                                 (Std. err. adjusted for 1,000 clusters in id)
------------------------------------------------------------------------------
             |               Robust
           y | Coefficient  std. err.      t    P>|t|     [95% conf. interval]
-------------+----------------------------------------------------------------
       pre_5 |  -.1238587    .125988    -0.98   0.326    -.3710901    .1233727
       pre_4 |   -.131309   .1270025    -1.03   0.301    -.3805313    .1179133
       pre_3 |  -.0923248   .1316482    -0.70   0.483    -.3506636     .166014
       pre_2 |  -.0873956   .1270465    -0.69   0.492    -.3367042     .161913
      post_0 |   .3243635   .1292264     2.51   0.012     .0707771    .5779499
      post_1 |   .2145406    .128432     1.67   0.095    -.0374869    .4665681
      post_2 |   .4149685   .1255197     3.31   0.001      .168656     .661281
      post_3 |   .3400544   .1290071     2.64   0.009     .0868984    .5932103
      post_4 |   .1752497    .126455     1.39   0.166    -.0728982    .4233976
          x1 |    .477457   .0136516    34.97   0.000     .4506679     .504246
          x2 |   .1011485   .0069743    14.50   0.000     .0874625    .1148345
       _cons |   1.336869    .042276    31.62   0.000     1.253909    1.419829
------------------------------------------------------------------------------

Absorbed degrees of freedom:
-----------------------------------------------------+
 Absorbed FE | Categories  - Redundant  = Num. Coefs |
-------------+---------------------------------------|
          id |      1000        1000           0    *|
        year |        10           1           9     |
-----------------------------------------------------+
* = FE nested within cluster; treated as redundant for DoF computation

. estimates store event_study

. 
. coefplot event_study, vertical ///
>     keep(pre_5 pre_4 pre_3 pre_2 post_0 post_1 post_2 post_3 post_4) ///
>     yline(0, lcolor(red) lpattern(dash)) ///
>     xline(4.5, lcolor(black) lpattern(dash)) ///
>     ciopts(recast(rcap)) recast(connected) ///
>     coeflabels(pre_5="-5" pre_4="-4" pre_3="-3" pre_2="-2" ///
>                post_0="0" post_1="1" post_2="2" post_3="3" post_4="4") ///
>     xtitle("相对政策时点（基期=-1）") ytitle("系数估计值") ///
>     title("平行趋势检验（事件研究法）") ///
>     note("注：政策前各期系数不显著异于0，平行趋势成立")

. graph export "平行趋势检验图.png", replace width(2000)
file 平行趋势检验图.png saved as PNG format

. 
. *===============================================================
. * 3. DID基准回归
. *===============================================================
. reghdfe y did, absorb(id year) vce(cluster id)
(MWFE estimator converged in 2 iterations)

HDFE Linear regression                            Number of obs   =     10,000
Absorbing 2 HDFE groups                           F(   1,    999) =      37.62
Statistics robust to heteroskedasticity           Prob > F        =     0.0000
                                                  R-squared       =     0.5577
                                                  Adj R-squared   =     0.5081
                                                  Within R-sq.    =     0.0043
Number of clusters (id)      =      1,000         Root MSE        =     1.4023

                                 (Std. err. adjusted for 1,000 clusters in id)
------------------------------------------------------------------------------
             |               Robust
           y | Coefficient  std. err.      t    P>|t|     [95% conf. interval]
-------------+----------------------------------------------------------------
         did |   .3829936   .0624395     6.13   0.000      .260466    .5055213
       _cons |   1.818571    .009241   196.79   0.000     1.800437    1.836705
------------------------------------------------------------------------------

Absorbed degrees of freedom:
-----------------------------------------------------+
 Absorbed FE | Categories  - Redundant  = Num. Coefs |
-------------+---------------------------------------|
          id |      1000        1000           0    *|
        year |        10           1           9     |
-----------------------------------------------------+
* = FE nested within cluster; treated as redundant for DoF computation

. estimates store m1

. 
. reghdfe y did x1 x2, absorb(id year) vce(cluster id)
(MWFE estimator converged in 2 iterations)

HDFE Linear regression                            Number of obs   =     10,000
Absorbing 2 HDFE groups                           F(   3,    999) =     520.16
Statistics robust to heteroskedasticity           Prob > F        =     0.0000
                                                  R-squared       =     0.6187
                                                  Adj R-squared   =     0.5758
                                                  Within R-sq.    =     0.1415
Number of clusters (id)      =      1,000         Root MSE        =     1.3022

                                 (Std. err. adjusted for 1,000 clusters in id)
------------------------------------------------------------------------------
             |               Robust
           y | Coefficient  std. err.      t    P>|t|     [95% conf. interval]
-------------+----------------------------------------------------------------
         did |   .3808093   .0575064     6.62   0.000     .2679621    .4936565
          x1 |   .4778209   .0136249    35.07   0.000     .4510842    .5045576
          x2 |   .1011924   .0069666    14.53   0.000     .0875216    .1148632
       _cons |   1.310903   .0353467    37.09   0.000      1.24154    1.380265
------------------------------------------------------------------------------

Absorbed degrees of freedom:
-----------------------------------------------------+
 Absorbed FE | Categories  - Redundant  = Num. Coefs |
-------------+---------------------------------------|
          id |      1000        1000           0    *|
        year |        10           1           9     |
-----------------------------------------------------+
* = FE nested within cluster; treated as redundant for DoF computation

. estimates store m2

. 
. * 真实系数存进数据变量（不用宏不用标量，永不过期）
. gen true_beta = _b[did]

. display as result ">>> 真实DID系数 = " %6.3f _b[did]
>>> 真实DID系数 =  0.381

. 
. esttab m1 m2 using "DID基准回归结果.rtf", replace ///
>     b(%9.3f) se(%9.3f) star(* 0.1 ** 0.05 *** 0.01) ///
>     keep(did x1 x2) mtitles("无控制变量" "含控制变量") ///
>     title("DID基准回归结果") ///
>     addnotes("括号内为个体层面聚类稳健标准误")
(output written to DID基准回归结果.rtf)

. 
. *===============================================================
. * 4. 安慰剂检验：500次随机分配处理组（全程静默）
. *===============================================================
. tempfile placebo

. postfile pf beta se true_beta using `placebo', replace
(file C:\Users\ASUS\AppData\Local\Temp\ST_b0b0_000001.tmp not found)

. 
. quietly forvalues i = 1/500 {

. postclose pf

. 
. use `placebo', clear

. gen p_value = 2 * ttail(9998, abs(beta/se))

. save "安慰剂检验结果.dta", replace    // 存档：之后重画图不用再跑500次
file 安慰剂检验结果.dta saved

. 
. * --- 散点图：竖线直接引用数据中的真实系数 ---
. twoway (scatter p_value beta, msize(small) mcolor(navy%60)) ///
>        (scatteri 0 `=true_beta[1]', msymbol(none)), ///
>     xline(`=true_beta[1]', lcolor(red) lwidth(medthick)) ///
>     yline(0.1, lcolor(gray) lpattern(dash)) ///
>     xtitle("随机分配的估计系数") ytitle("p值") ///
>     title("安慰剂检验：500次随机化分布") legend(off) ///
>     note("注：红色竖线为真实DID系数，随机系数聚集在0附近，说明政策效应非随机")

. graph export "安慰剂检验_散点图.png", replace width(2000)
file 安慰剂检验_散点图.png saved as PNG format

. 
. * --- 核密度图：隐形散点强制横轴覆盖真实系数 ---
. kdensity beta, nograph generate(kx ky)

. twoway (line ky kx, lcolor(navy) lwidth(medthick)) ///
>        (scatteri 0 `=true_beta[1]' 0 `=-true_beta[1]', msymbol(none)), ///
>     xline(`=true_beta[1]', lcolor(red) lwidth(medthick)) ///
>     xline(0, lcolor(gray) lpattern(dash)) ///
>     xtitle("随机分配的估计系数") ytitle("核密度") ///
>     title("安慰剂检验：估计系数核密度分布") legend(off) ///
>     text(0.1 `=true_beta[1]' "真实系数 = `: display %5.2f true_beta[1]' ", ///
>          placement(w) color(red)) ///
>     note("注：红色竖线为真实DID系数，远在随机分布之外，说明结果非随机驱动")

. graph export "安慰剂检验_核密度图.png", replace width(2000)
file 安慰剂检验_核密度图.png saved as PNG format

. 
. quietly count if abs(beta) >= true_beta[1]

. display as result ">>> 安慰剂检验经验p值 = " %6.4f r(N)/500
>>> 安慰剂检验经验p值 = 0.0000

. 
. *===============================================================
. log close
      name:  <unnamed>
       log:  C:\Users\ASUS\Desktop\DID案例\DID案例.log
  log type:  text
 closed on:  12 Aug 2026, 20:01:26
-------------------------------------------------------------------------------------
