-------------------------------------------------------------------------------
      name:  <unnamed>
       log:  C:\Users\ASUS\Desktop\PSM案例\PSM案例.log
  log type:  text
 opened on:  13 Aug 2026, 19:18:36

. 
. *---------------------------------------------------------------
. * 安装命令（第一次运行时，把这2行开头的*删除）
. *---------------------------------------------------------------
. *ssc install psmatch2, replace
. *ssc install estout, replace
. 
. *---------------------------------------------------------------
. * 1. 模拟截面数据：4000名劳动者，真实培训效应=0.25（对数工资）
. *    【换用真实数据时，替换这一段即可，后面代码不用动】
. *---------------------------------------------------------------
. set seed 20240815

. set obs 4000
Number of observations (_N) was 0, now 4,000.

. 
. gen age     = round(rnormal(38, 10))           // 年龄

. replace age = max(min(age, 65), 22)
(209 real changes made)

. gen edu     = round(rnormal(12, 2.5))          // 受教育年限

. replace edu = max(min(edu, 22), 6)
(15 real changes made)

. gen married = runiform() < 0.55                // 已婚

. gen city    = runiform() < 0.60                // 城镇

. 
. * 真实选择方程：年龄大、学历高、已婚者更可能参加培训（自选择）
. gen z      = -5.5 + 0.05*age + 0.22*edu + 0.7*married - 0.5*city

. gen p_true = invlogit(z)

. gen train  = runiform() < p_true               // 处理变量：参加职业培训

. 
. * 结果方程：对数工资；真实培训效应 = 0.25（约28%）
. gen lnwage = 7.5 + 0.02*age + 0.09*edu + 0.15*married + 0.10*city ///
>            + 0.25*train + rnormal(0, 0.45)

. *                        ↑真实效应
. 
. tab train

      train |      Freq.     Percent        Cum.
------------+-----------------------------------
          0 |      2,686       67.15       67.15
          1 |      1,314       32.85      100.00
------------+-----------------------------------
      Total |      4,000      100.00

. save "PSM案例数据.dta", replace      // 存档，后面随时调用
(file PSM案例数据.dta not found)
file PSM案例数据.dta saved

. 
. *===============================================================
. * 2. 朴素对比（有偏）：直接比较两组工资差异
. *===============================================================
. reg lnwage train, robust

Linear regression                               Number of obs     =      4,000
                                                F(1, 3998)        =     652.28
                                                Prob > F          =     0.0000
                                                R-squared         =     0.1422
                                                Root MSE          =     .54083

------------------------------------------------------------------------------
             |               Robust
      lnwage | Coefficient  std. err.      t    P>|t|     [95% conf. interval]
-------------+----------------------------------------------------------------
       train |   .4686337   .0183492    25.54   0.000     .4326591    .5046083
       _cons |      9.415   .0103567   909.07   0.000     9.394695    9.435305
------------------------------------------------------------------------------

. estimates store naive

. display as result ">>> 朴素OLS系数（存在选择偏差，应明显大于0.25）"
>>> 朴素OLS系数（存在选择偏差，应明显大于0.25）

. 
. *===============================================================
. * 3. 估计倾向得分 + 最近邻匹配（k=1，卡尺0.05，共同支撑）
. *===============================================================
. logit train age edu married city

Iteration 0:  Log likelihood = -2532.4451  
Iteration 1:  Log likelihood = -2273.0552  
Iteration 2:  Log likelihood = -2268.5723  
Iteration 3:  Log likelihood = -2268.5698  
Iteration 4:  Log likelihood = -2268.5698  

Logistic regression                                     Number of obs =  4,000
                                                        LR chi2(4)    = 527.75
                                                        Prob > chi2   = 0.0000
Log likelihood = -2268.5698                             Pseudo R2     = 0.1042

------------------------------------------------------------------------------
       train | Coefficient  Std. err.      z    P>|z|     [95% conf. interval]
-------------+----------------------------------------------------------------
         age |   .0491353   .0039016    12.59   0.000     .0414883    .0567823
         edu |   .2285472   .0151272    15.11   0.000     .1988984    .2581959
     married |   .6528696   .0737573     8.85   0.000     .5083079    .7974313
        city |  -.5038475   .0727894    -6.92   0.000    -.6465121   -.3611828
       _cons |  -5.492584   .2640349   -20.80   0.000    -6.010083   -4.975085
------------------------------------------------------------------------------

. predict pscore, pr                        // 倾向得分

. 
. psmatch2 train, pscore(pscore) outcome(lnwage) ///
>     neighbor(1) caliper(0.05) common ate
-------------------------------------------------------------------------------
> ---------
        Variable     Sample |    Treated     Controls   Difference         S.E.
>    T-stat
----------------------------+--------------------------------------------------
> ---------
          lnwage  Unmatched | 9.88363363   9.41499994   .468633686   .018207011
>     25.74
                        ATT | 9.87915582   9.63428379   .244872028   .029809283
>      8.21
                        ATU | 9.41525214   9.67068305   .255430919            .
>         .
                        ATE |                           .251976581            .
>         .
----------------------------+--------------------------------------------------
> ---------
Note: S.E. does not take into account that the propensity score is estimated.

 psmatch2: |   psmatch2: Common
 Treatment |        support
assignment | Off suppo  On suppor |     Total
-----------+----------------------+----------
 Untreated |         2      2,684 |     2,686 
   Treated |         9      1,305 |     1,314 
-----------+----------------------+----------
     Total |        11      3,989 |     4,000 

. * 输出表中 ATT 行即匹配后的培训效应，应回到 0.25 附近
. 
. quietly count if _support == 0 & train == 1

. display as result ">>> 共同支撑外剔除的处理组人数 = " r(N)
>>> 共同支撑外剔除的处理组人数 = 9

. 
. *===============================================================
. * 4. 平衡性检验与共同支撑图形
. *===============================================================
. pstest age edu married city, both graph

-------------------------------------------------------------------------------
> ---------
                Unmatched |       Mean               %reduct |     t-test    | 
>  V(T)/
Variable          Matched | Treated Control    %bias  |bias| |    t    p>|t| | 
>  V(C)
--------------------------+----------------------------------+---------------+-
> ---------
age                    U  | 40.535   36.612     41.8         |  12.53  0.000 | 
>  1.13*
                       M  | 40.451   39.714      7.8    81.2 |   2.03  0.043 | 
>  1.17*
                          |                                  |               |
edu                    U  | 12.884   11.593     52.8         |  15.68  0.000 | 
>  1.00
                       M  | 12.848   12.986     -5.7    89.3 |  -1.48  0.138 | 
>  1.05
                          |                                  |               |
married                U  | .64764   .50112     30.0         |   8.83  0.000 | 
>     .
                       M  | .64521   .67969     -7.1    76.5 |  -1.86  0.063 | 
>     .
                          |                                  |               |
city                   U  | .51826   .62882    -22.5         |  -6.72  0.000 | 
>     .
                       M  | .52031   .55632     -7.3    67.4 |  -1.85  0.065 | 
>     .
                          |                                  |               |
-------------------------------------------------------------------------------
> ---------
* if variance ratio outside [0.90; 1.11] for U and [0.90; 1.11] for M

-------------------------------------------------------------------------------
> ----
 Sample    | Ps R2   LR chi2   p>chi2   MeanBias   MedBias      B      R     %V
> ar
-----------+-------------------------------------------------------------------
> ----
 Unmatched | 0.104    527.04    0.000     36.7      35.9      80.3*   0.98     
> 50
 Matched   | 0.004     13.01    0.011      7.0       7.2      14.1    1.03     
> 50
-------------------------------------------------------------------------------
> ----
* if B>25%, R outside [0.5; 2]

. * 期刊标准：匹配后标准化偏差绝对值 <10%，组间差异不显著
. graph export "平衡性检验_标准化偏差图.png", replace width(2000)
(file 平衡性检验_标准化偏差图.png not found)
file 平衡性检验_标准化偏差图.png saved as PNG format

. 
. twoway (histogram pscore if train==1, width(0.02) color(red%55)) ///
>        (histogram pscore if train==0, width(0.02) color(navy%55)), ///
>     legend(label(1 "处理组（参加培训）") label(2 "对照组（未参加）")) ///
>     xtitle("倾向得分") ytitle("频数") ///
>     title("共同支撑检验：两组倾向得分分布") ///
>     note("注：两组分布大面积重叠，共同支撑假设基本满足")

. graph export "共同支撑_倾向得分分布图.png", replace width(2000)
(file 共同支撑_倾向得分分布图.png not found)
file 共同支撑_倾向得分分布图.png saved as PNG format

. 
. *===============================================================
. * 5. 稳健性：更换匹配算法 + 匹配样本上加权回归
. *===============================================================
. psmatch2 train, pscore(pscore) outcome(lnwage) kernel common
-------------------------------------------------------------------------------
> ---------
        Variable     Sample |    Treated     Controls   Difference         S.E.
>    T-stat
----------------------------+--------------------------------------------------
> ---------
          lnwage  Unmatched | 9.88363363   9.41499994   .468633686   .018207011
>     25.74
                        ATT | 9.87915582    9.6142438   .264912015   .020325064
>     13.03
----------------------------+--------------------------------------------------
> ---------
Note: S.E. does not take into account that the propensity score is estimated.

 psmatch2: |   psmatch2: Common
 Treatment |        support
assignment | Off suppo  On suppor |     Total
-----------+----------------------+----------
 Untreated |         0      2,686 |     2,686 
   Treated |         9      1,305 |     1,314 
-----------+----------------------+----------
     Total |         9      3,991 |     4,000 

. display as result ">>> 核匹配 ATT = " %6.3f r(att)
>>> 核匹配 ATT =  0.265

. 
. psmatch2 train, pscore(pscore) outcome(lnwage) neighbor(5) common
-------------------------------------------------------------------------------
> ---------
        Variable     Sample |    Treated     Controls   Difference         S.E.
>    T-stat
----------------------------+--------------------------------------------------
> ---------
          lnwage  Unmatched | 9.88363363   9.41499994   .468633686   .018207011
>     25.74
                        ATT | 9.87915582   9.61352829   .265627527    .02222811
>     11.95
----------------------------+--------------------------------------------------
> ---------
Note: S.E. does not take into account that the propensity score is estimated.

 psmatch2: |   psmatch2: Common
 Treatment |        support
assignment | Off suppo  On suppor |     Total
-----------+----------------------+----------
 Untreated |         0      2,686 |     2,686 
   Treated |         9      1,305 |     1,314 
-----------+----------------------+----------
     Total |         9      3,991 |     4,000 

. display as result ">>> 5近邻匹配 ATT = " %6.3f r(att)
>>> 5近邻匹配 ATT =  0.266

. 
. * 回到主设定（最近邻k=1+卡尺），在匹配样本上重新加权回归
. quietly psmatch2 train, pscore(pscore) outcome(lnwage) ///
>     neighbor(1) caliper(0.05) common

. reg lnwage train age edu married city if _support == 1 [aweight = _weight], r
> obust
(sum of wgt is 2,610)

Linear regression                               Number of obs     =      1,925
                                                F(5, 1919)        =     135.23
                                                Prob > F          =     0.0000
                                                R-squared         =     0.3152
                                                Root MSE          =     .45483

------------------------------------------------------------------------------
             |               Robust
      lnwage | Coefficient  std. err.      t    P>|t|     [95% conf. interval]
-------------+----------------------------------------------------------------
       train |    .252356   .0250997    10.05   0.000     .2031304    .3015816
         age |   .0193778   .0013006    14.90   0.000     .0168269    .0219286
         edu |   .0871895   .0051045    17.08   0.000     .0771787    .0972004
     married |   .1568976   .0250752     6.26   0.000     .1077201    .2060751
        city |    .118431   .0248858     4.76   0.000     .0696249    .1672372
       _cons |   7.559923   .0938651    80.54   0.000     7.375834    7.744011
------------------------------------------------------------------------------

. estimates store matched

. * psmatch2 自带标准误未考虑倾向得分估计的不确定性，
. * 文献惯例：在匹配样本上重新估计回归，推断更可靠
. 
. esttab naive matched using "PSM回归结果.rtf", replace ///
>     b(%9.3f) se(%9.3f) star(* 0.1 ** 0.05 *** 0.01) ///
>     keep(train age edu married city) ///
>     mtitles("朴素OLS（有偏）" "匹配样本回归") ///
>     title("PSM估计结果（真实效应 = 0.25）") ///
>     addnotes("括号内为稳健标准误" "匹配样本回归按 _weight 加权")
(file PSM回归结果.rtf not found)
(output written to PSM回归结果.rtf)

. 
. *===============================================================
. log close
      name:  <unnamed>
       log:  C:\Users\ASUS\Desktop\PSM案例\PSM案例.log
  log type:  text
 closed on:  13 Aug 2026, 19:19:08
-------------------------------------------------------------------------------
