-------------------------------------------------------------------------------
      name:  <unnamed>
       log:  C:\Users\ASUS\Desktop\交错DID案例\交错DID案例.log
  log type:  text
 opened on:  15 Aug 2026, 17:53:24

. 
. *---------------------------------------------------------------
. * 自动检查并安装所需命令（首次联网安装一次即可）
. *---------------------------------------------------------------
. capture which csdid

. if _rc ssc install csdid, replace

. capture which drdid

. if _rc ssc install drdid, replace

. capture which eventstudyinteract

. if _rc ssc install eventstudyinteract, replace

. capture which did_imputation

. if _rc ssc install did_imputation, replace
checking did_imputation consistency and verifying not already installed...
installing into C:\Users\ASUS\ado\plus\...
installation complete.

. capture which reghdfe

. if _rc ssc install reghdfe, replace

. capture which avar

. if _rc ssc install avar, replace

. capture which coefplot

. if _rc ssc install coefplot, replace

. 
. *---------------------------------------------------------------
. * 1. 模拟面板数据（结构同 Day 7）：1500家企业 × 11年（2010-2020）
. *    真实效应：试点后第k年 = 0.10 × k；真实平均ATT ≈ 0.30
. *---------------------------------------------------------------
. set seed 20260820

. set obs 1500
Number of observations (_N) was 0, now 1,500.

. gen id = _n

. gen E = 0

. replace E = 2015 if id <= 400
(400 real changes made)

. replace E = 2018 if id > 400 & id <= 800
(400 real changes made)

. gen alpha = rnormal(0, 0.3)

. 
. expand 11
(15,000 observations created)

. bysort id: gen year = 2009 + _n

. gen did  = (E > 0) & (year >= E)

. gen exp  = (year - E + 1) * did

. gen y = 3 + alpha + 0.05*(year-2010) + 0.10*exp + rnormal(0, 0.25)

. 
. xtset id year

Panel variable: id (strongly balanced)
 Time variable: year, 2010 to 2020
         Delta: 1 unit

. save "交错DID案例数据.dta", replace
(file 交错DID案例数据.dta not found)
file 交错DID案例数据.dta saved

. 
. quietly sum exp if did == 1, meanonly

. display as result ">>> 真实平均ATT = " %5.3f 0.10*r(mean)
>>> 真实平均ATT = 0.300

. 
. *===============================================================
. * 2. 基准TWFE（对照组：应低于真实ATT）
. *===============================================================
. reghdfe y did, absorb(id year) vce(cluster id)
(MWFE estimator converged in 2 iterations)

HDFE Linear regression                            Number of obs   =     16,500
Absorbing 2 HDFE groups                           F(   1,   1499) =     985.31
Statistics robust to heteroskedasticity           Prob > F        =     0.0000
                                                  R-squared       =     0.7194
                                                  Adj R-squared   =     0.6912
                                                  Within R-sq.    =     0.0639
Number of clusters (id)      =      1,500         Root MSE        =     0.2593

                                 (Std. err. adjusted for 1,500 clusters in id)
------------------------------------------------------------------------------
             |               Robust
           y | Coefficient  std. err.      t    P>|t|     [95% conf. interval]
-------------+----------------------------------------------------------------
         did |   .2447099   .0077959    31.39   0.000     .2294179     .260002
       _cons |   3.271319   .0017009  1923.26   0.000     3.267982    3.274655
------------------------------------------------------------------------------

Absorbed degrees of freedom:
-----------------------------------------------------+
 Absorbed FE | Categories  - Redundant  = Num. Coefs |
-------------+---------------------------------------|
          id |      1500        1500           0    *|
        year |        11           1          10     |
-----------------------------------------------------+
* = FE nested within cluster; treated as redundant for DoF computation

. estimates store twfe

. 
. *===============================================================
. * 3. Callaway-Sant'Anna：组群-时期ATT + 聚合
. *===============================================================
. csdid y, ivar(id) time(year) gvar(E)
....................
Difference-in-difference with Multiple Time Periods

                                                        Number of obs = 16,500
Outcome model  : regression adjustment
Treatment model: none
------------------------------------------------------------------------------
             | Coefficient  Std. err.      z    P>|z|     [95% conf. interval]
-------------+----------------------------------------------------------------
g2015        |
 t_2010_2011 |   -.017635   .0222768    -0.79   0.429    -.0612968    .0260268
 t_2011_2012 |  -.0036497   .0217805    -0.17   0.867    -.0463388    .0390394
 t_2012_2013 |   .0075183   .0222469     0.34   0.735    -.0360848    .0511215
 t_2013_2014 |  -.0044643   .0226769    -0.20   0.844    -.0489103    .0399817
 t_2014_2015 |   .1069579   .0216247     4.95   0.000     .0645742    .1493416
 t_2014_2016 |   .1971011   .0226879     8.69   0.000     .1526336    .2415685
 t_2014_2017 |   .3211967   .0218545    14.70   0.000     .2783626    .3640308
 t_2014_2018 |    .380611   .0220342    17.27   0.000     .3374248    .4237972
 t_2014_2019 |   .5099447    .021402    23.83   0.000     .4679976    .5518918
 t_2014_2020 |   .6104279   .0218189    27.98   0.000     .5676635    .6531922
-------------+----------------------------------------------------------------
g2018        |
 t_2010_2011 |  -.0132119   .0224136    -0.59   0.556    -.0571416    .0307179
 t_2011_2012 |   .0103601   .0220255     0.47   0.638    -.0328092    .0535293
 t_2012_2013 |   .0095772   .0225758     0.42   0.671    -.0346705    .0538249
 t_2013_2014 |   .0061697    .022031     0.28   0.779    -.0370103    .0493497
 t_2014_2015 |  -.0173186   .0217318    -0.80   0.425    -.0599121    .0252749
 t_2015_2016 |   .0067943   .0223443     0.30   0.761    -.0369997    .0505883
 t_2016_2017 |  -.0157282    .022791    -0.69   0.490    -.0603977    .0289414
 t_2017_2018 |    .097574   .0225515     4.33   0.000      .053374    .1417741
 t_2017_2019 |   .2039388    .022188     9.19   0.000     .1604511    .2474265
 t_2017_2020 |   .3251153   .0215259    15.10   0.000     .2829252    .3673054
------------------------------------------------------------------------------
Control: Never Treated

See Callaway and Sant'Anna (2021) for details

. estat simple                      // 总体ATT（应≈0.30）
Average Treatment Effect on Treated
------------------------------------------------------------------------------
             | Coefficient  Std. err.      z    P>|z|     [95% conf. interval]
-------------+----------------------------------------------------------------
         ATT |   .3058742   .0127646    23.96   0.000     .2808559    .3308924
------------------------------------------------------------------------------

. estat event, window(-4 4) estore(cs_es)   // 事件研究动态效应
ATT by Periods Before and After treatment
Event Study:Dynamic effects
------------------------------------------------------------------------------
             | Coefficient  Std. err.      z    P>|z|     [95% conf. interval]
-------------+----------------------------------------------------------------
     Pre_avg |  -.0047892   .0040718    -1.18   0.240    -.0127698    .0031914
    Post_avg |   .3032995   .0131956    22.98   0.000     .2774367    .3291624
         Tm4 |  -.0057326   .0158317    -0.36   0.717    -.0367622    .0252969
         Tm3 |  -.0104842   .0154273    -0.68   0.497     -.040721    .0197527
         Tm2 |   .0071563   .0158022     0.45   0.651    -.0238154     .038128
         Tm1 |  -.0100962   .0160694    -0.63   0.530    -.0415916    .0213991
         Tp0 |    .102266   .0156186     6.55   0.000     .0716541    .1328778
         Tp1 |   .2005199   .0158328    12.66   0.000     .1694882    .2315517
         Tp2 |    .323156   .0138545    23.32   0.000     .2960016    .3503104
         Tp3 |    .380611   .0220342    17.27   0.000     .3374248    .4237972
         Tp4 |   .5099447    .021402    23.83   0.000     .4679976    .5518918
------------------------------------------------------------------------------

. estat group                       // 分组群ATT
ATT by group
------------------------------------------------------------------------------
             | Coefficient  Std. err.      z    P>|z|     [95% conf. interval]
-------------+----------------------------------------------------------------
    GAverage |   .2816246   .0122473    22.99   0.000     .2576203     .305629
       G2015 |   .3543732    .016537    21.43   0.000     .3219613    .3867851
       G2018 |    .208876   .0180981    11.54   0.000     .1734044    .2443476
------------------------------------------------------------------------------

. 
. *===============================================================
. * 4. Sun-Abraham 交互加权事件研究
. *===============================================================
. gen rel = year - E if E > 0
(7,700 missing values generated)

. replace rel = -5 if rel < -5 & E > 0
(1,200 real changes made)

. replace rel = 4  if rel > 4  & E > 0
(400 real changes made)

. forvalues s = -5/4 {
  2.     local name = cond(`s' < 0, "m" + string(-`s'), "p" + string(`s'))
  3.     gen D_`name' = (rel == `s')
  4. }

. gen never = (E == 0)

. * 以从未处理为对照；注意端点哑变量须排除（-1期为基准由命令处理）
. eventstudyinteract y D_m4-D_m2 D_p0-D_p4, ///
>     vce(cluster id) absorb(id year) cohort(E) control_cohort(never)
(obs=8,800)

IW estimates for dynamic effects                        Number of obs = 16,500
Absorbing 2 HDFE groups                                 F(14, 1499)   = 160.30
                                                        Prob > F      = 0.0000
                                                        R-squared     = 0.7388
                                                        Adj R-squared = 0.7122
                                                        Root MSE      = 0.2503
                                 (Std. err. adjusted for 1,500 clusters in id)
------------------------------------------------------------------------------
             |               Robust
           y | Coefficient  std. err.      t    P>|t|     [95% conf. interval]
-------------+----------------------------------------------------------------
        D_m4 |   .0080093   .0113896     0.70   0.482    -.0143319    .0303505
        D_m3 |    -.00595   .0119944    -0.50   0.620    -.0294775    .0175776
        D_m2 |  -.0005349   .0125146    -0.04   0.966     -.025083    .0240131
        D_p0 |   .0937986    .012922     7.26   0.000     .0684515    .1191458
        D_p1 |   .2011874   .0129304    15.56   0.000     .1758238    .2265511
        D_p2 |   .3070414   .0118396    25.93   0.000     .2838174    .3302654
        D_p3 |    .371858   .0191525    19.42   0.000     .3342895    .4094265
        D_p4 |   .5514333   .0148767    37.07   0.000     .5222519    .5806147
------------------------------------------------------------------------------

. estimates store sa

. 
. *===============================================================
. * 5. Borusyak-Jaravel-Spiess 插补法
. *    （Ei 对从未处理者须为缺失值，不能为0）
. *===============================================================
. gen Ei = E if E > 0
(7,700 missing values generated)

. did_imputation y id year Ei, horizons(0/4) pretrend(4)

                                                        Number of obs = 16,100
------------------------------------------------------------------------------
           y | Coefficient  Std. err.      z    P>|z|     [95% conf. interval]
-------------+----------------------------------------------------------------
        tau0 |   .0952381   .0116423     8.18   0.000     .0724197    .1180565
        tau1 |   .1922566   .0115453    16.65   0.000     .1696282     .214885
        tau2 |   .3177525   .0113341    28.04   0.000     .2955382    .3399669
        tau3 |   .3773611   .0172582    21.87   0.000     .3435357    .4111866
        tau4 |   .5066948   .0162083    31.26   0.000     .4749271    .5384624
        pre1 |  -.0124821   .0141612    -0.88   0.378    -.0402375    .0152734
        pre2 |  -.0023703   .0130794    -0.18   0.856    -.0280053    .0232648
        pre3 |  -.0076876   .0127118    -0.60   0.545    -.0326022     .017227
        pre4 |   .0040415   .0129563     0.31   0.755    -.0213524    .0294353
------------------------------------------------------------------------------

. estimates store bjs

. 
. *===============================================================
. * 6. 三套事件研究系数叠加对比图
. *===============================================================
. coefplot (cs_es, label(Callaway-Sant'Anna)) ///
>          (sa,    label(Sun-Abraham)) ///
>          (bjs,   label(Borusyak等)), ///
>     vertical yline(0) xtitle("相对期") ytitle("效应系数") ///
>     title("三类稳健估计量的事件研究对比（真实值：第k期=0.10×(k+1)）")

. graph export "交错DID_事件研究对比.png", replace width(2000)
(file 交错DID_事件研究对比.png not found)
file 交错DID_事件研究对比.png saved as PNG format

. 
. *===============================================================
. log close
      name:  <unnamed>
       log:  C:\Users\ASUS\Desktop\交错DID案例\交错DID案例.log
  log type:  text
 closed on:  15 Aug 2026, 17:53:36
-------------------------------------------------------------------------------
